#-----------------------------------------------------------
# Vivado v2023.1 (64-bit)
# SW Build 3865809 on Sun May  7 15:05:29 MDT 2023
# IP Build 3864474 on Sun May  7 20:36:21 MDT 2023
# SharedData Build 3865790 on Sun May 07 13:33:03 MDT 2023
# Start of session at: Tue Mar 26 15:55:50 2024
# Process ID: 20400
# Current directory: C:/Users/Jochem/GitHub/Fontys/pong-digitaal/fontys-pong/fontys-pong.runs/synth_1
# Command line: vivado.exe -log blockdesign_wrapper.vds -product Vivado -mode batch -messageDb vivado.pb -notrace -source blockdesign_wrapper.tcl
# Log file: C:/Users/Jochem/GitHub/Fontys/pong-digitaal/fontys-pong/fontys-pong.runs/synth_1/blockdesign_wrapper.vds
# Journal file: C:/Users/Jochem/GitHub/Fontys/pong-digitaal/fontys-pong/fontys-pong.runs/synth_1\vivado.jou
# Running On: Lenovo-Jochem, OS: Windows, CPU Frequency: 2496 MHz, CPU Physical cores: 4, Host memory: 17041 MB
#-----------------------------------------------------------
source blockdesign_wrapper.tcl -notrace
