#-----------------------------------------------------------
# Vivado v2023.1 (64-bit)
# SW Build 3865809 on Sun May  7 15:05:29 MDT 2023
# IP Build 3864474 on Sun May  7 20:36:21 MDT 2023
# SharedData Build 3865790 on Sun May 07 13:33:03 MDT 2023
# Start of session at: Tue Feb 25 16:09:00 2025
# Process ID: 34544
# Current directory: D:/_code/Git/Fontys/CSA/CSA2-pong/pong-digitaal/fontys-pong_Artix7/fontys-pong_Artix7.runs/synth_1
# Command line: vivado.exe -log CMOD_A7_35T_wrapper.vds -product Vivado -mode batch -messageDb vivado.pb -notrace -source CMOD_A7_35T_wrapper.tcl
# Log file: D:/_code/Git/Fontys/CSA/CSA2-pong/pong-digitaal/fontys-pong_Artix7/fontys-pong_Artix7.runs/synth_1/CMOD_A7_35T_wrapper.vds
# Journal file: D:/_code/Git/Fontys/CSA/CSA2-pong/pong-digitaal/fontys-pong_Artix7/fontys-pong_Artix7.runs/synth_1\vivado.jou
# Running On: XPS-Tommy, OS: Windows, CPU Frequency: 2918 MHz, CPU Physical cores: 14, Host memory: 34029 MB
#-----------------------------------------------------------
source CMOD_A7_35T_wrapper.tcl -notrace
